export const snapshot = {};

snapshot[`Deezer provider > release lookup > single by two artists 1`] = `
{
  artists: [
    {
      creditedName: "Lady Gaga",
      externalIds: [
        {
          id: "75491",
          provider: "deezer",
          type: "artist",
        },
      ],
      name: "Lady Gaga",
    },
    {
      creditedName: "Bruno Mars",
      externalIds: [
        {
          id: "429675",
          provider: "deezer",
          type: "artist",
        },
      ],
      name: "Bruno Mars",
    },
  ],
  availableIn: [
    "AE",
    "AF",
    "AG",
    "AI",
    "AL",
    "AM",
    "AO",
    "AR",
    "AT",
    "AU",
    "AZ",
    "BA",
    "BB",
    "BD",
    "BE",
    "BF",
    "BG",
    "BH",
    "BI",
    "BJ",
    "BN",
    "BO",
    "BR",
    "BT",
    "BW",
    "CA",
    "CC",
    "CD",
    "CF",
    "CG",
    "CH",
    "CI",
    "CK",
    "CL",
    "CM",
    "CO",
    "CR",
    "CV",
    "CX",
    "CY",
    "CZ",
    "DE",
    "DJ",
    "DK",
    "DM",
    "DO",
    "DZ",
    "EC",
    "EE",
    "EG",
    "ER",
    "ES",
    "ET",
    "FI",
    "FJ",
    "FK",
    "FM",
    "FR",
    "GA",
    "GB",
    "GD",
    "GE",
    "GH",
    "GM",
    "GN",
    "GQ",
    "GR",
    "GT",
    "GW",
    "HN",
    "HR",
    "HU",
    "ID",
    "IE",
    "IL",
    "IQ",
    "IS",
    "IT",
    "JM",
    "JO",
    "JP",
    "KE",
    "KG",
    "KH",
    "KI",
    "KM",
    "KN",
    "KW",
    "KY",
    "KZ",
    "LA",
    "LB",
    "LC",
    "LK",
    "LR",
    "LS",
    "LT",
    "LU",
    "LV",
    "LY",
    "MA",
    "MD",
    "ME",
    "MG",
    "MH",
    "MK",
    "ML",
    "MN",
    "MR",
    "MS",
    "MT",
    "MU",
    "MV",
    "MW",
    "MX",
    "MY",
    "MZ",
    "NA",
    "NE",
    "NF",
    "NG",
    "NI",
    "NL",
    "NO",
    "NP",
    "NR",
    "NU",
    "NZ",
    "OM",
    "PA",
    "PE",
    "PG",
    "PH",
    "PK",
    "PL",
    "PN",
    "PT",
    "PW",
    "PY",
    "QA",
    "RO",
    "RS",
    "RW",
    "SA",
    "SB",
    "SC",
    "SE",
    "SG",
    "SI",
    "SJ",
    "SK",
    "SL",
    "SN",
    "SO",
    "ST",
    "SV",
    "SZ",
    "TC",
    "TD",
    "TG",
    "TH",
    "TJ",
    "TK",
    "TL",
    "TM",
    "TN",
    "TO",
    "TR",
    "TV",
    "TZ",
    "UA",
    "UG",
    "US",
    "UY",
    "UZ",
    "VC",
    "VE",
    "VG",
    "VN",
    "VU",
    "WS",
    "YE",
    "ZA",
    "ZM",
    "ZW",
  ],
  excludedFrom: [
    "IO",
  ],
  externalLinks: [
    {
      types: [
        "free streaming",
      ],
      url: URL {
        hash: "",
        host: "www.deezer.com",
        hostname: "www.deezer.com",
        href: "https://www.deezer.com/album/629506181",
        origin: "https://www.deezer.com",
        password: "",
        pathname: "/album/629506181",
        port: "",
        protocol: "https:",
        search: "",
        username: "",
      },
    },
  ],
  gtin: "602475093060",
  images: [
    {
      thumbUrl: URL {
        hash: "",
        host: "cdn-images.dzcdn.net",
        hostname: "cdn-images.dzcdn.net",
        href: "https://cdn-images.dzcdn.net/images/cover/4bd5903f4ce8f2601916bfadb44efe8a/250x250-000000-80-0-0.jpg",
        origin: "https://cdn-images.dzcdn.net",
        password: "",
        pathname: "/images/cover/4bd5903f4ce8f2601916bfadb44efe8a/250x250-000000-80-0-0.jpg",
        port: "",
        protocol: "https:",
        search: "",
        username: "",
      },
      types: [
        "front",
      ],
      url: URL {
        hash: "",
        host: "cdn-images.dzcdn.net",
        hostname: "cdn-images.dzcdn.net",
        href: "https://cdn-images.dzcdn.net/images/cover/4bd5903f4ce8f2601916bfadb44efe8a/1000x1000-000000-80-0-0.jpg",
        origin: "https://cdn-images.dzcdn.net",
        password: "",
        pathname: "/images/cover/4bd5903f4ce8f2601916bfadb44efe8a/1000x1000-000000-80-0-0.jpg",
        port: "",
        protocol: "https:",
        search: "",
        username: "",
      },
    },
  ],
  info: {
    messages: [],
    providers: [
      {
        apiUrl: URL {
          hash: "",
          host: "api.deezer.com",
          hostname: "api.deezer.com",
          href: "https://api.deezer.com/album/629506181",
          origin: "https://api.deezer.com",
          password: "",
          pathname: "/album/629506181",
          port: "",
          protocol: "https:",
          search: "",
          username: "",
        },
        id: "629506181",
        internalName: "deezer",
        lookup: {
          method: "id",
          value: "629506181",
        },
        name: "Deezer",
        url: URL {
          hash: "",
          host: "www.deezer.com",
          hostname: "www.deezer.com",
          href: "https://www.deezer.com/album/629506181",
          origin: "https://www.deezer.com",
          password: "",
          pathname: "/album/629506181",
          port: "",
          protocol: "https:",
          search: "",
          username: "",
        },
      },
    ],
  },
  labels: [
    {
      name: "Interscope",
    },
  ],
  media: [
    {
      format: "Digital Media",
      number: 1,
      tracklist: [
        {
          artists: [
            {
              creditedName: "Lady Gaga",
              externalIds: [
                {
                  id: "75491",
                  provider: "deezer",
                  type: "artist",
                },
              ],
              name: "Lady Gaga",
            },
            {
              creditedName: "Bruno Mars",
              externalIds: [
                {
                  id: "429675",
                  provider: "deezer",
                  type: "artist",
                },
              ],
              name: "Bruno Mars",
            },
          ],
          availableIn: [
            "AE",
            "AF",
            "AG",
            "AI",
            "AL",
            "AM",
            "AO",
            "AQ",
            "AR",
            "AS",
            "AT",
            "AU",
            "AZ",
            "BA",
            "BB",
            "BD",
            "BE",
            "BF",
            "BG",
            "BH",
            "BI",
            "BJ",
            "BN",
            "BO",
            "BQ",
            "BR",
            "BT",
            "BV",
            "BW",
            "CA",
            "CC",
            "CD",
            "CF",
            "CG",
            "CH",
            "CI",
            "CK",
            "CL",
            "CM",
            "CO",
            "CR",
            "CU",
            "CV",
            "CW",
            "CX",
            "CY",
            "CZ",
            "DE",
            "DJ",
            "DK",
            "DM",
            "DO",
            "DZ",
            "EC",
            "EE",
            "EG",
            "EH",
            "ER",
            "ES",
            "ET",
            "FI",
            "FJ",
            "FK",
            "FM",
            "FR",
            "GA",
            "GB",
            "GD",
            "GE",
            "GH",
            "GM",
            "GN",
            "GQ",
            "GR",
            "GS",
            "GT",
            "GU",
            "GW",
            "HK",
            "HM",
            "HN",
            "HR",
            "HU",
            "ID",
            "IE",
            "IL",
            "IN",
            "IQ",
            "IR",
            "IS",
            "IT",
            "JM",
            "JO",
            "JP",
            "KE",
            "KG",
            "KH",
            "KI",
            "KM",
            "KN",
            "KP",
            "KR",
            "KW",
            "KY",
            "KZ",
            "LA",
            "LB",
            "LC",
            "LK",
            "LR",
            "LS",
            "LT",
            "LU",
            "LV",
            "LY",
            "MA",
            "MD",
            "ME",
            "MG",
            "MH",
            "MK",
            "ML",
            "MM",
            "MN",
            "MP",
            "MR",
            "MS",
            "MT",
            "MU",
            "MV",
            "MW",
            "MX",
            "MY",
            "MZ",
            "NA",
            "NE",
            "NF",
            "NG",
            "NI",
            "NL",
            "NO",
            "NP",
            "NR",
            "NU",
            "NZ",
            "OM",
            "PA",
            "PE",
            "PG",
            "PH",
            "PK",
            "PL",
            "PN",
            "PS",
            "PT",
            "PW",
            "PY",
            "QA",
            "RO",
            "RS",
            "RW",
            "SA",
            "SB",
            "SC",
            "SD",
            "SE",
            "SG",
            "SI",
            "SJ",
            "SK",
            "SL",
            "SN",
            "SO",
            "ST",
            "SV",
            "SX",
            "SY",
            "SZ",
            "TC",
            "TD",
            "TG",
            "TH",
            "TJ",
            "TK",
            "TL",
            "TM",
            "TN",
            "TO",
            "TR",
            "TV",
            "TZ",
            "UA",
            "UG",
            "US",
            "UY",
            "UZ",
            "VC",
            "VE",
            "VG",
            "VI",
            "VN",
            "VU",
            "WS",
            "YE",
            "ZA",
            "ZM",
            "ZW",
          ],
          isrc: "USUM72409273",
          length: 250000,
          number: 1,
          title: "Die With A Smile",
        },
      ],
    },
  ],
  packaging: "None",
  releaseDate: {
    day: 16,
    month: 8,
    year: 2024,
  },
  status: "Official",
  title: "Die With A Smile",
  types: [
    "Single",
  ],
}
`;
